<html>
<body>
<pre>
<h1>µVision Build Log</h1>
<h2>Project:</h2>
C:\Users\MSIS\Desktop\231039033_mca\Question2\Shetty MCA\project.uvproj
Project File Date:  11/07/2023

<h2>Output:</h2>
Rebuild target 'Target 1'
assembling Startup.s...
compiling main.c...
GPIO.h(107): warning:  #1-D: last line of file ends without a newline
  }
header.h(5): warning:  #1295-D: Deprecated declaration initpll - give arg types
  void initpll();
header.h(7): warning:  #1295-D: Deprecated declaration initUART - give arg types
  void initUART();
header.h(9): warning:  #1295-D: Deprecated declaration receiveuart - give arg types
  unsigned char receiveuart();
header.h(12): warning:  #1295-D: Deprecated declaration initLCD - give arg types
  void initLCD();
header.h(96): warning:  #1-D: last line of file ends without a newline
  }
main.c(30): warning:  #1-D: last line of file ends without a newline
  }
main.c: 7 warnings, 0 errors
linking...
Program Size: Code=2028 RO-data=16 RW-data=0 ZI-data=1256  
FromELF: creating hex file...
".\project.axf" - 0 Error(s), 7 Warning(s).
compiling main.c...
GPIO.h(107): warning:  #1-D: last line of file ends without a newline
  }
header.h(5): warning:  #1295-D: Deprecated declaration initpll - give arg types
  void initpll();
header.h(7): warning:  #1295-D: Deprecated declaration initUART - give arg types
  void initUART();
header.h(9): warning:  #1295-D: Deprecated declaration receiveuart - give arg types
  unsigned char receiveuart();
header.h(12): warning:  #1295-D: Deprecated declaration initLCD - give arg types
  void initLCD();
header.h(96): warning:  #1-D: last line of file ends without a newline
  }
main.c(30): warning:  #1-D: last line of file ends without a newline
  }
main.c: 7 warnings, 0 errors
"main.c" - 0 Error(s), 7 Warning(s).
scope
        unsigned char data[]="Hello Everyone";
main.c(24): warning:  #111-D: statement is unreachable
  return 0;
main.c(25): warning:  #1-D: last line of file ends without a newline
  }
main.c(9): warning:  #177-D: variable "data" was declared but never referenced
        unsigned char data[]="Hello Everyone";
main.c: 9 warnings, 1 error
"main.c" - 1 Error(s), 9 Warning(s).
compiling main.c...
GPIO.h(107): warning:  #1-D: last line of file ends without a newline
  }
header.h(5): warning:  #1295-D: Deprecated declaration initpll - give arg types
  void initpll();
header.h(7): warning:  #1295-D: Deprecated declaration initUART - give arg types
  void initUART();
header.h(9): warning:  #1295-D: Deprecated declaration receiveuart - give arg types
  unsigned char receiveuart();
header.h(12): warning:  #1295-D: Deprecated declaration initLCD - give arg types
  void initLCD();
header.h(96): warning:  #1-D: last line of file ends without a newline
  }
main.c(30): warning:  #1-D: last line of file ends without a newline
  }
main.c: 7 warnings, 0 errors
"main.c" - 0 Error(s), 7 Warning(s).
ends without a newline
  }
main.c(17): warning:  #1-D: last line of file ends without a newline
  }
main.c: 8 warnings, 2 errors
"main.c" - 2 Error(s), 8 Warning(s).
compiling main.c...
GPIO.h(107): warning:  #1-D: last line of file ends without a newline
  }
GPIO.h(5): error:  #247: function "portWrite" has already been defined
  void portWrite(int portNr,int value)
GPIO.h(85): error:  #247: function "pinWrite" has already been defined
  void pinWrite(int pin,int value)
GPIO.h(107): warning:  #1-D: last line of file ends without a newline
  }
header.h(3): warning:  #1295-D: Deprecated declaration initpll - give arg types
  void initpll();
header.h(5): warning:  #1295-D: Deprecated declaration initUART - give arg types
  void initUART();
header.h(7): warning:  #1295-D: Deprecated declaration receiveuart - give arg types
  unsigned char receiveuart();
header.h(10): warning:  #1295-D: Deprecated declaration initLCD - give arg types
  void initLCD();
header.h(94): warning:  #1-D: last line of file ends without a newline
  }
main.c(17): warning:  #1-D: last line of file ends without a newline
  }
main.c: 8 warnings, 2 errors
"main.c" - 2 Error(s), 8 Warning(s).
compiling main.c...
GPIO.h(107): warning:  #1-D: last line of file ends without a newline
  }
header.h(5): warning:  #1295-D: Deprecated declaration initpll - give arg types
  void initpll();
header.h(7): warning:  #1295-D: Deprecated declaration initUART - give arg types
  void initUART();
header.h(9): warning:  #1295-D: Deprecated declaration receiveuart - give arg types
  unsigned char receiveuart();
header.h(12): warning:  #1295-D: Deprecated declaration initLCD - give arg types
  void initLCD();
header.h(96): warning:  #1-D: last line of file ends without a newline
  }
main.c(17): warning:  #1-D: last line of file ends without a newline
  }
main.c: 7 warnings, 0 errors
"main.c" - 0 Error(s), 7 Warning(s).
s without a newline
  }
GPIO.h(2): error:  #247: function "portWrite" has already been defined
  void portWrite(int portNr,int value)
GPIO.h(82): error:  #247: function "pinWrite" has already been defined
  void pinWrite(int pin,int value)
GPIO.h(104): warning:  #1-D: last line of file ends without a newline
  }
header.h(3): warning:  #1295-D: Deprecated declaration initpll - give arg types
  void initpll();
header.h(5): warning:  #1295-D: Deprecated declaration initUART - give arg types
  void initUART();
header.h(7): warning:  #1295-D: Deprecated declaration receiveuart - give arg types
  unsigned char receiveuart();
header.h(10): warning:  #1295-D: Deprecated declaration initLCD - give arg types
  void initLCD();
header.h(94): warning:  #1-D: last line of file ends without a newline
  }
main.c(17): warning:  #1-D: last line of file ends without a newline
  }
main.c: 14 warnings, 3 errors
"main.c" - 3 Error(s), 14 Warning(s).
